// Jest Snapshot v1, https://goo.gl/fbAQLP

exports[`should remove white unnecessary space from template literal 1`] = `
"const five = 5;
\`jason has \${five} quarts of lines\`;"
`;

exports[`should remove white unnecessary space from template literal 2`] = `"\`jason has \${five} quarts of line\`;"`;
